7.    	 Working with branches 
 
	1.  Create  a new branch named :   test
	2.  Change to test branch
	3.  Add few files and commit 
	4.  Go to master and merge
	5.  Verify the master branch is files are reflected. 
	
(b)
	6.  Go to test branch and push the changes to remote
	7.  Check in github -- new branch (Eg:  test) and its content
	8.  Merge the content manually into master in github

jatinkumar7@USHYDJATINKUMA2 MINGW64 ~/Desktop/Git_demo2 (master)
$ git checkout -b test
Switched to a new branch 'test'

jatinkumar7@USHYDJATINKUMA2 MINGW64 ~/Desktop/Git_demo2 (test)
$ touch test1.txt

jatinkumar7@USHYDJATINKUMA2 MINGW64 ~/Desktop/Git_demo2 (test)
$ touch test2.txt

jatinkumar7@USHYDJATINKUMA2 MINGW64 ~/Desktop/Git_demo2 (test)
$ touch test3.txt

jatinkumar7@USHYDJATINKUMA2 MINGW64 ~/Desktop/Git_demo2 (test)
$ git checkout master
Switched to branch 'master'

jatinkumar7@USHYDJATINKUMA2 MINGW64 ~/Desktop/Git_demo2 (master)
$ git status
On branch master
Untracked files:
  (use "git add <file>..." to include in what will be committed)
        test1.txt
        test2.txt
        test3.txt

nothing added to commit but untracked files present (use "git add" to track)

jatinkumar7@USHYDJATINKUMA2 MINGW64 ~/Desktop/Git_demo2 (master)
$ git remote -v
origin  https://github.com/Jatinkr27/TestDemo.git (fetch)
origin  https://github.com/Jatinkr27/TestDemo.git (push)

jatinkumar7@USHYDJATINKUMA2 MINGW64 ~/Desktop/Git_demo2 (master)
$ ls
customer.component.css   customer.component.ts  emp.component.html  test1.txt  test3.txt
customer.component.html  emp.component.css      emp.component.ts    test2.txt

jatinkumar7@USHYDJATINKUMA2 MINGW64 ~/Desktop/Git_demo2 (master)
$ git checkout test
Switched to branch 'test'

jatinkumar7@USHYDJATINKUMA2 MINGW64 ~/Desktop/Git_demo2 (test)
$ ls
customer.component.css   customer.component.ts  emp.component.html  test1.txt  test3.txt
customer.component.html  emp.component.css      emp.component.ts    test2.txt

jatinkumar7@USHYDJATINKUMA2 MINGW64 ~/Desktop/Git_demo2 (test)
$ git status
On branch test
Untracked files:
  (use "git add <file>..." to include in what will be committed)
        test1.txt
        test2.txt
        test3.txt

nothing added to commit but untracked files present (use "git add" to track)

jatinkumar7@USHYDJATINKUMA2 MINGW64 ~/Desktop/Git_demo2 (test)
$ git add -A

jatinkumar7@USHYDJATINKUMA2 MINGW64 ~/Desktop/Git_demo2 (test)
$ git commit -m "Testig files"
[test 9092df4] Testig files
 3 files changed, 0 insertions(+), 0 deletions(-)
 create mode 100644 test1.txt
 create mode 100644 test2.txt
 create mode 100644 test3.txt

jatinkumar7@USHYDJATINKUMA2 MINGW64 ~/Desktop/Git_demo2 (test)
$ ls
customer.component.css   customer.component.ts  emp.component.html  test1.txt  test3.txt
customer.component.html  emp.component.css      emp.component.ts    test2.txt

jatinkumar7@USHYDJATINKUMA2 MINGW64 ~/Desktop/Git_demo2 (test)
$ git checkout master
Switched to branch 'master'

jatinkumar7@USHYDJATINKUMA2 MINGW64 ~/Desktop/Git_demo2 (master)
$ ls
customer.component.css   customer.component.ts  emp.component.html
customer.component.html  emp.component.css      emp.component.ts

jatinkumar7@USHYDJATINKUMA2 MINGW64 ~/Desktop/Git_demo2 (master)
$ git merge master test
Updating 794a233..9092df4
Fast-forward
 test1.txt | 0
 test2.txt | 0
 test3.txt | 0
 3 files changed, 0 insertions(+), 0 deletions(-)
 create mode 100644 test1.txt
 create mode 100644 test2.txt
 create mode 100644 test3.txt

jatinkumar7@USHYDJATINKUMA2 MINGW64 ~/Desktop/Git_demo2 (master)
$ ls
customer.component.css   customer.component.ts  emp.component.html  test1.txt  test3.txt
customer.component.html  emp.component.css      emp.component.ts    test2.txt

jatinkumar7@USHYDJATINKUMA2 MINGW64 ~/Desktop/Git_demo2 (master)
$ git checkout test
Switched to branch 'test'

jatinkumar7@USHYDJATINKUMA2 MINGW64 ~/Desktop/Git_demo2 (test)
$ \git status
On branch test
nothing to commit, working tree clean

jatinkumar7@USHYDJATINKUMA2 MINGW64 ~/Desktop/Git_demo2 (test)
$ git push origin test
Enumerating objects: 3, done.
Counting objects: 100% (3/3), done.
Delta compression using up to 8 threads
Compressing objects: 100% (2/2), done.
Writing objects: 100% (2/2), 250 bytes | 250.00 KiB/s, done.
Total 2 (delta 1), reused 0 (delta 0), pack-reused 0
remote: Resolving deltas: 100% (1/1), completed with 1 local object.
remote:
remote: Create a pull request for 'test' on GitHub by visiting:
remote:      https://github.com/Jatinkr27/TestDemo/pull/new/test
remote:
To https://github.com/Jatinkr27/TestDemo.git
 * [new branch]      test -> test

jatinkumar7@USHYDJATINKUMA2 MINGW64 ~/Desktop/Git_demo2 (test)
$